<?xml version="1.0" encoding="utf-8"?><testsuites name="pytest tests"><testsuite name="pytest" errors="0" failures="0" skipped="2" tests="281" time="52.521" timestamp="2026-05-25T17:35:01.736747+01:00" hostname="Zenbook"><testcase classname="tests.executor.test_claude_spawn" name="test_spawn_invokes_claude_with_pbi_context" time="1.303" /><testcase classname="tests.executor.test_claude_spawn" name="test_classify_pr_created_when_stdout_contains_marker" time="0.002" /><testcase classname="tests.executor.test_claude_spawn" name="test_classify_stuck_when_stuck_md_present" time="0.002" /><testcase classname="tests.executor.test_claude_spawn" name="test_classify_partial_when_nothing_special" time="0.002" /><testcase classname="tests.executor.test_claude_spawn" name="test_classify_error_when_exit_code_nonzero" time="0.002" /><testcase classname="tests.executor.test_claude_spawn" name="test_stuck_takes_precedence_over_pr_created" time="0.002" /><testcase classname="tests.executor.test_claude_spawn" name="test_spawn_records_stdout_stderr_and_exit_code" time="1.210" /><testcase classname="tests.executor.test_claude_spawn" name="test_spawn_simulates_pr_creation" time="1.204" /><testcase classname="tests.executor.test_claude_spawn" name="test_spawn_simulates_stuck" time="1.229" /><testcase classname="tests.executor.test_cli" name="test_main_runs_one_iteration_with_once_flag" time="0.577" /><testcase classname="tests.executor.test_cli" name="test_main_handles_keyboard_interrupt_cleanly" time="0.574" /><testcase classname="tests.executor.test_cli" name="test_main_uses_repo_flag_to_override_env" time="0.564" /><testcase classname="tests.executor.test_cli" name="test_main_log_level_flag" time="0.570" /><testcase classname="tests.executor.test_cli" name="test_main_exits_2_on_config_error" time="0.003" /><testcase classname="tests.executor.test_cli" name="test_main_calls_prepare_host_environment_before_loop" time="0.569" /><testcase classname="tests.executor.test_cli" name="test_main_exits_2_on_host_selection_error" time="0.573" /><testcase classname="tests.executor.test_cli" name="test_public_reexports_are_stable" time="0.002" /><testcase classname="tests.executor.test_config" name="test_load_config_uses_defaults" time="0.002" /><testcase classname="tests.executor.test_config" name="test_load_config_overrides_via_env" time="0.002" /><testcase classname="tests.executor.test_config" name="test_load_config_missing_repo_path" time="0.002" /><testcase classname="tests.executor.test_config" name="test_load_config_missing_anthropic_key" time="0.002" /><testcase classname="tests.executor.test_config" name="test_load_config_repo_path_not_a_directory" time="0.002" /><testcase classname="tests.executor.test_config" name="test_load_config_repo_path_not_a_git_repo" time="0.003" /><testcase classname="tests.executor.test_config" name="test_load_config_invalid_max_attempts" time="0.004" /><testcase classname="tests.executor.test_config" name="test_load_config_invalid_log_level" time="0.003" /><testcase classname="tests.executor.test_config" name="test_executor_config_is_frozen" time="0.002" /><testcase classname="tests.executor.test_filesystem_queue" name="test_parse_pbi_directory_reads_feature" time="0.600" /><testcase classname="tests.executor.test_filesystem_queue" name="test_parse_pbi_directory_reads_bug" time="0.602" /><testcase classname="tests.executor.test_filesystem_queue" name="test_parse_pbi_directory_reads_pr_feedback" time="0.599" /><testcase classname="tests.executor.test_filesystem_queue" name="test_parse_pbi_directory_missing_entry_file_raises" time="0.597" /><testcase classname="tests.executor.test_filesystem_queue" name="test_current_pbi_returns_none_when_empty" time="0.577" /><testcase classname="tests.executor.test_filesystem_queue" name="test_current_pbi_returns_the_one_entry" time="0.666" /><testcase classname="tests.executor.test_filesystem_queue" name="test_current_pbi_raises_when_more_than_one" time="0.684" /><testcase classname="tests.executor.test_filesystem_queue" name="test_inbox_pbis_returns_all_in_priority_order" time="0.693" /><testcase classname="tests.executor.test_filesystem_queue" name="test_pick_next_returns_highest_priority" time="0.710" /><testcase classname="tests.executor.test_filesystem_queue" name="test_pick_next_returns_none_when_inbox_empty" time="0.570" /><testcase classname="tests.executor.test_filesystem_queue" name="test_inbox_pbis_age_tiebreak_within_same_lane" time="0.828" /><testcase classname="tests.executor.test_git_ops" name="test_current_branch_returns_active_branch" time="0.675" /><testcase classname="tests.executor.test_git_ops" name="test_branch_exists_true_for_local_and_remote" time="0.633" /><testcase classname="tests.executor.test_git_ops" name="test_is_branch_remote_for_origin" time="0.629" /><testcase classname="tests.executor.test_git_ops" name="test_checkout_switches_branch" time="0.631" /><testcase classname="tests.executor.test_git_ops" name="test_checkout_unknown_branch_raises" time="0.591" /><testcase classname="tests.executor.test_git_ops" name="test_checkout_new_creates_branch_off_head" time="0.641" /><testcase classname="tests.executor.test_git_ops" name="test_fetch_does_not_modify_working_tree" time="0.689" /><testcase classname="tests.executor.test_git_ops" name="test_pull_is_a_noop_when_nothing_to_pull" time="0.733" /><testcase classname="tests.executor.test_git_ops" name="test_commit_all_creates_a_commit" time="0.744" /><testcase classname="tests.executor.test_git_ops" name="test_commit_all_no_changes_returns_head" time="0.655" /><testcase classname="tests.executor.test_git_ops" name="test_push_advances_remote_ref" time="0.934" /><testcase classname="tests.executor.test_git_ops" name="test_mv_moves_a_file" time="0.729" /><testcase classname="tests.executor.test_git_ops" name="test_rev_parse_head_returns_sha" time="0.606" /><testcase classname="tests.executor.test_git_ops" name="test_git_command_error_carries_argv_and_stderr" time="0.019" /><testcase classname="tests.executor.test_host_select" name="test_select_host_returns_github" time="0.003" /><testcase classname="tests.executor.test_host_select" name="test_select_host_returns_ado" time="0.003" /><testcase classname="tests.executor.test_host_select" name="test_select_host_is_case_insensitive" time="0.002" /><testcase classname="tests.executor.test_host_select" name="test_select_host_missing_env_raises_clear_error" time="0.003" /><testcase classname="tests.executor.test_host_select" name="test_select_host_unknown_value_raises_clear_error" time="0.002" /><testcase classname="tests.executor.test_host_select" name="test_select_host_empty_env_raises" time="0.002" /><testcase classname="tests.executor.test_host_select" name="test_verify_auth_env_github_happy_path" time="0.002" /><testcase classname="tests.executor.test_host_select" name="test_verify_auth_env_ado_happy_path" time="0.002" /><testcase classname="tests.executor.test_host_select" name="test_verify_auth_env_github_missing_token" time="0.002" /><testcase classname="tests.executor.test_host_select" name="test_verify_auth_env_github_missing_owner" time="0.002" /><testcase classname="tests.executor.test_host_select" name="test_verify_auth_env_ado_missing_pat" time="0.002" /><testcase classname="tests.executor.test_host_select" name="test_verify_auth_env_ado_missing_org_url" time="0.003" /><testcase classname="tests.executor.test_host_select" name="test_verify_auth_env_ado_missing_project" time="0.002" /><testcase classname="tests.executor.test_host_select" name="test_verify_auth_env_unknown_host_raises" time="0.002" /><testcase classname="tests.executor.test_host_select" name="test_verify_auth_env_error_message_names_all_missing_vars" time="0.002" /><testcase classname="tests.executor.test_host_select" name="test_stage_skills_copies_github_pair_to_canonical_names" time="0.023" /><testcase classname="tests.executor.test_host_select" name="test_stage_skills_copies_ado_pair_to_canonical_names" time="0.009" /><testcase classname="tests.executor.test_host_select" name="test_stage_skills_is_idempotent" time="0.013" /><testcase classname="tests.executor.test_host_select" name="test_stage_skills_creates_claude_skills_dir_if_absent" time="0.010" /><testcase classname="tests.executor.test_host_select" name="test_stage_skills_missing_pr_source_raises_clear_error" time="0.003" /><testcase classname="tests.executor.test_host_select" name="test_stage_skills_missing_workitem_fetch_source_raises_clear_error" time="0.003" /><testcase classname="tests.executor.test_host_select" name="test_stage_skills_unknown_host_raises" time="0.002" /><testcase classname="tests.executor.test_host_select" name="test_verify_staged_happy_path" time="0.004" /><testcase classname="tests.executor.test_host_select" name="test_verify_staged_missing_pr_script_raises" time="0.003" /><testcase classname="tests.executor.test_host_select" name="test_verify_staged_missing_workitem_fetch_script_raises" time="0.003" /><testcase classname="tests.executor.test_host_select" name="test_prepare_host_environment_github_end_to_end" time="0.010" /><testcase classname="tests.executor.test_host_select" name="test_prepare_host_environment_ado_end_to_end" time="0.012" /><testcase classname="tests.executor.test_host_select" name="test_prepare_host_environment_missing_host_raises_first" time="0.002" /><testcase classname="tests.executor.test_host_select" name="test_prepare_host_environment_missing_auth_raises_before_stage" time="0.005" /><testcase classname="tests.executor.test_host_select" name="test_prepare_host_environment_missing_skills_raises_after_auth" time="0.003" /><testcase classname="tests.executor.test_host_select" name="test_prepare_host_environment_uses_env_default_paths" time="0.010" /><testcase classname="tests.executor.test_host_select" name="test_prepare_host_environment_kwargs_override_env" time="0.013" /><testcase classname="tests.executor.test_loop" name="test_iterate_once_idle_when_no_work" time="0.756" /><testcase classname="tests.executor.test_loop" name="test_iterate_once_claims_inbox_pbi_when_current_empty" time="1.571" /><testcase classname="tests.executor.test_loop" name="test_iterate_once_runs_ralph_when_current_occupied" time="1.704" /><testcase classname="tests.executor.test_loop" name="test_iterate_once_moves_to_pending_pr_when_pr_created" time="2.115" /><testcase classname="tests.executor.test_loop" name="test_iterate_once_moves_to_blocked_when_stuck" time="1.690" /><testcase classname="tests.executor.test_loop" name="test_iterate_once_treats_error_like_partial" time="1.708" /><testcase classname="tests.executor.test_loop" name="test_iterate_once_invokes_sweep_stub_when_current_empty" time="0.739" /><testcase classname="tests.executor.test_loop" name="test_iterate_once_invokes_cycle_detector_stub" time="0.707" /><testcase classname="tests.executor.test_loop" name="test_iterate_once_pulls_ralph_queue_every_iteration" time="0.734" /><testcase classname="tests.executor.test_loop" name="test_iterate_once_pulls_main_only_on_fresh_claim" time="1.694" /><testcase classname="tests.executor.test_loop" name="test_run_loop_terminates_when_cycle_detector_trips" time="0.717" /><testcase classname="tests.executor.test_movements" name="test_move_inbox_to_current_relocates_directory" time="1.150" /><testcase classname="tests.executor.test_movements" name="test_move_inbox_to_current_rewrites_status" time="1.160" /><testcase classname="tests.executor.test_movements" name="test_move_inbox_to_current_pushes_commit" time="1.253" /><testcase classname="tests.executor.test_movements" name="test_move_current_to_pending_pr" time="1.472" /><testcase classname="tests.executor.test_movements" name="test_move_current_to_blocked" time="1.489" /><testcase classname="tests.executor.test_movements" name="test_move_from_wrong_state_raises" time="0.861" /><testcase classname="tests.executor.test_movements" name="test_move_uses_branch_from_config" time="1.514" /><testcase classname="tests.executor.test_types" name="test_pbi_constructs_with_canonical_fields" time="0.003" /><testcase classname="tests.executor.test_types" name="test_pbi_is_frozen" time="0.003" /><testcase classname="tests.executor.test_types" name="test_pbi_equality_uses_all_fields" time="0.003" /><testcase classname="tests.executor.test_types" name="test_literal_aliases_are_exported" time="0.002" /><testcase classname="tests.safety.test_attempts" name="test_default_max_attempts_is_three" time="0.000" /><testcase classname="tests.safety.test_attempts" name="test_env_override_for_max_attempts" time="0.000" /><testcase classname="tests.safety.test_attempts" name="test_invalid_env_falls_back_to_default" time="0.000" /><testcase classname="tests.safety.test_attempts" name="test_zero_or_negative_env_falls_back" time="0.000" /><testcase classname="tests.safety.test_attempts" name="test_read_attempts_returns_zero_when_field_missing" time="0.005" /><testcase classname="tests.safety.test_attempts" name="test_write_attempts_updates_frontmatter_in_place" time="0.014" /><testcase classname="tests.safety.test_attempts" name="test_increment_returns_new_value" time="0.015" /><testcase classname="tests.safety.test_attempts" name="test_increment_raises_when_max_exceeded" time="0.005" /><testcase classname="tests.safety.test_attempts" name="test_attempts_exceeded_records_pbi_id" time="0.004" /><testcase classname="tests.safety.test_cycle_detector.TestSignatureRecurrence" name="test_trips_when_same_signature_recurs_inside_24h" time="0.000" /><testcase classname="tests.safety.test_cycle_detector.TestSignatureRecurrence" name="test_does_not_trip_outside_24h" time="0.000" /><testcase classname="tests.safety.test_cycle_detector.TestSignatureRecurrence" name="test_does_not_trip_when_signatures_differ" time="0.000" /><testcase classname="tests.safety.test_cycle_detector.TestWhackAMole" name="test_trips_when_close_rate_matches_create_rate" time="0.000" /><testcase classname="tests.safety.test_cycle_detector.TestWhackAMole" name="test_does_not_trip_when_only_closes_happen" time="0.000" /><testcase classname="tests.safety.test_cycle_detector.TestWhackAMole" name="test_does_not_trip_below_minimum_volume" time="0.000" /><testcase classname="tests.safety.test_cycle_detector.TestSameFileThrashing" name="test_trips_when_one_file_has_6_PRs_in_24h" time="0.000" /><testcase classname="tests.safety.test_cycle_detector.TestSameFileThrashing" name="test_does_not_trip_at_5_PRs" time="0.000" /><testcase classname="tests.safety.test_cycle_detector.TestSameFileThrashing" name="test_ignores_files_touched_long_ago" time="0.000" /><testcase classname="tests.safety.test_cycle_detector.TestRegressionCascade" name="test_trips_when_recently_merged_signature_reappears" time="0.000" /><testcase classname="tests.safety.test_cycle_detector.TestRegressionCascade" name="test_no_trip_when_signature_does_not_match" time="0.000" /><testcase classname="tests.safety.test_cycle_detector.TestAttemptDivergence" name="test_trips_when_recent_attempts_average_higher_than_baseline" time="0.000" /><testcase classname="tests.safety.test_cycle_detector.TestAttemptDivergence" name="test_no_trip_when_baseline_unknown" time="0.000" /><testcase classname="tests.safety.test_cycle_detector.TestBlockedGrowth" name="test_trips_when_blocks_exceed_closes" time="0.000" /><testcase classname="tests.safety.test_cycle_detector.TestBlockedGrowth" name="test_no_trip_when_closes_outpace_blocks" time="0.000" /><testcase classname="tests.safety.test_cycle_detector.TestEvaluateAll" name="test_aggregator_returns_all_tripped_signals" time="0.000" /><testcase classname="tests.safety.test_cycle_detector.TestEvaluateAll" name="test_aggregator_returns_empty_when_calm" time="0.000" /><testcase classname="tests.safety.test_events" name="test_open_log_creates_state_dir_and_db" time="0.012" /><testcase classname="tests.safety.test_events" name="test_schema_initialisation_is_idempotent" time="0.022" /><testcase classname="tests.safety.test_events" name="test_append_and_retrieve_single_event" time="0.012" /><testcase classname="tests.safety.test_events" name="test_recent_filters_by_window" time="0.013" /><testcase classname="tests.safety.test_events" name="test_recent_orders_by_recorded_at_ascending" time="0.013" /><testcase classname="tests.safety.test_events" name="test_log_is_durable_across_reopen" time="0.017" /><testcase classname="tests.safety.test_events" name="test_payload_round_trips_complex_json" time="0.012" /><testcase classname="tests.safety.test_events" name="test_event_kind_is_validated_at_append" time="0.011" /><testcase classname="tests.safety.test_events" name="test_recent_with_zero_window_returns_only_strict_present" time="0.014" /><testcase classname="tests.safety.test_halt" name="test_snapshot_state_collects_queue_contents" time="0.006" /><testcase classname="tests.safety.test_halt" name="test_write_meta_bug_emits_frontmatter_and_body" time="0.015" /><testcase classname="tests.safety.test_halt" name="test_write_halt_sentinel_records_meta_bug_id" time="0.015" /><testcase classname="tests.safety.test_halt" name="test_check_halt_sentinel_running_when_absent" time="0.004" /><testcase classname="tests.safety.test_halt" name="test_check_halt_sentinel_halted_when_not_acknowledged" time="0.014" /><testcase classname="tests.safety.test_halt" name="test_check_halt_sentinel_acknowledged_when_filled_in" time="0.028" /><testcase classname="tests.safety.test_halt" name="test_notify_halt_posts_to_webhook_when_url_provided" time="0.006" /><testcase classname="tests.safety.test_halt" name="test_notify_halt_logs_to_stderr_when_no_webhook" time="0.003" /><testcase classname="tests.safety.test_halt" name="test_halt_and_acknowledge_writes_meta_bug_and_sentinel" time="0.015" /><testcase classname="tests.safety.test_halt" name="test_halted_error_carries_meta_bug_path" time="0.004" /><testcase classname="tests.safety.test_integration_loop" name="test_iteration_refuses_to_start_when_sentinel_halted" time="0.874" /><testcase classname="tests.safety.test_integration_loop" name="test_iteration_resumes_once_sentinel_acknowledged" time="1.050" /><testcase classname="tests.safety.test_integration_loop" name="test_iteration_triggers_halt_when_detector_fires" time="1.072" /><testcase classname="tests.safety.test_integration_loop" name="test_attempts_exceeded_moves_pbi_to_blocked" time="1.067" /><testcase classname="tests.safety.test_stuck" name="test_detect_stuck_returns_true_when_file_has_content" time="0.008" /><testcase classname="tests.safety.test_stuck" name="test_detect_stuck_returns_false_when_file_is_missing" time="0.004" /><testcase classname="tests.safety.test_stuck" name="test_detect_stuck_returns_false_when_file_is_blank" time="0.005" /><testcase classname="tests.safety.test_stuck" name="test_read_stuck_reason_returns_trimmed_content" time="0.005" /><testcase classname="tests.safety.test_stuck" name="test_read_stuck_reason_truncates_overlong_content" time="0.007" /><testcase classname="tests.safety.test_stuck" name="test_move_to_blocked_relocates_directory" time="0.006" /><testcase classname="tests.safety.test_stuck" name="test_move_to_blocked_refuses_outside_current" time="0.004" /><testcase classname="tests.safety.test_stuck" name="test_move_to_blocked_refuses_collision" time="0.004" /><testcase classname="tests.safety.test_stuck" name="test_handle_stuck_returns_outcome_with_event" time="0.006" /><testcase classname="tests.safety.test_stuck" name="test_handle_stuck_returns_none_when_no_stuck_file" time="0.004" /><testcase classname="tests.skills.test_pr_github" name="test_common_load_client_requires_token" time="0.002" /><testcase classname="tests.skills.test_pr_github" name="test_common_load_client_requires_owner" time="0.000" /><testcase classname="tests.skills.test_pr_github" name="test_common_load_client_returns_client" time="0.000" /><testcase classname="tests.skills.test_pr_github" name="test_common_parse_pr_id_accepts_bare_int" time="0.000" /><testcase classname="tests.skills.test_pr_github" name="test_common_parse_pr_id_rejects_non_positive" time="0.000" /><testcase classname="tests.skills.test_pr_github" name="test_common_parse_pr_id_rejects_garbage" time="0.000" /><testcase classname="tests.skills.test_pr_github" name="test_common_parse_thread_id_rejects_empty" time="0.000" /><testcase classname="tests.skills.test_pr_github" name="test_common_parse_thread_id_accepts_opaque_string" time="0.000" /><testcase classname="tests.skills.test_pr_github" name="test_common_parse_branch_passes_bare_name_through" time="0.000" /><testcase classname="tests.skills.test_pr_github" name="test_common_parse_branch_strips_refs_heads_prefix" time="0.000" /><testcase classname="tests.skills.test_pr_github" name="test_common_parse_branch_rejects_empty" time="0.000" /><testcase classname="tests.skills.test_pr_github" name="test_common_graphql_error_handles_non_dict_items" time="0.002" /><testcase classname="tests.skills.test_pr_github" name="test_create_pr_happy_path" time="0.003" /><testcase classname="tests.skills.test_pr_github" name="test_create_pr_with_draft" time="0.001" /><testcase classname="tests.skills.test_pr_github" name="test_create_pr_dry_run_makes_no_post" time="0.001" /><testcase classname="tests.skills.test_pr_github" name="test_create_pr_missing_env_var_exits_two" time="0.001" /><testcase classname="tests.skills.test_pr_github" name="test_create_pr_http_error_exits_three" time="0.001" /><testcase classname="tests.skills.test_pr_github" name="test_read_threads_happy_path" time="0.002" /><testcase classname="tests.skills.test_pr_github" name="test_read_threads_graphql_error_exits_three" time="0.001" /><testcase classname="tests.skills.test_pr_github" name="test_read_threads_http_404_exits_three" time="0.001" /><testcase classname="tests.skills.test_pr_github" name="test_read_threads_malformed_pr_id_exits_two" time="0.001" /><testcase classname="tests.skills.test_pr_github" name="test_read_threads_nonexistent_pr_exits_two" time="0.002" /><testcase classname="tests.skills.test_pr_github" name="test_reply_happy_path" time="0.002" /><testcase classname="tests.skills.test_pr_github" name="test_reply_empty_text_exits_two" time="0.001" /><testcase classname="tests.skills.test_pr_github" name="test_reply_empty_thread_id_exits_two" time="0.001" /><testcase classname="tests.skills.test_pr_github" name="test_reply_graphql_error_exits_three" time="0.001" /><testcase classname="tests.skills.test_pr_github" name="test_set_status_resolves_for_fixed_and_closed[fixed]" time="0.002" /><testcase classname="tests.skills.test_pr_github" name="test_set_status_resolves_for_fixed_and_closed[closed]" time="0.001" /><testcase classname="tests.skills.test_pr_github" name="test_set_status_unresolves_for_active_and_pending[active]" time="0.001" /><testcase classname="tests.skills.test_pr_github" name="test_set_status_unresolves_for_active_and_pending[pending]" time="0.001" /><testcase classname="tests.skills.test_pr_github" name="test_set_status_rejects_human_only_statuses[wontFix]" time="0.001" /><testcase classname="tests.skills.test_pr_github" name="test_set_status_rejects_human_only_statuses[byDesign]" time="0.001" /><testcase classname="tests.skills.test_pr_github" name="test_set_status_rejects_unknown_status" time="0.001" /><testcase classname="tests.skills.test_pr_github" name="test_set_status_graphql_error_exits_three" time="0.001" /><testcase classname="tests.skills.test_pr_github" name="test_show_happy_path" time="0.003" /><testcase classname="tests.skills.test_pr_github" name="test_show_merged_pr" time="0.003" /><testcase classname="tests.skills.test_pr_github" name="test_show_abandoned_pr" time="0.004" /><testcase classname="tests.skills.test_pr_github" name="test_show_pr_not_found_exits_three" time="0.001" /><testcase classname="tests.skills.test_pr_github" name="test_show_malformed_pr_id_exits_two" time="0.001" /><testcase classname="tests.skills.test_pr_github" name="test_show_merge_status_mapping[clean-mergeable]" time="0.003" /><testcase classname="tests.skills.test_pr_github" name="test_show_merge_status_mapping[unstable-mergeable]" time="0.002" /><testcase classname="tests.skills.test_pr_github" name="test_show_merge_status_mapping[has_hooks-mergeable]" time="0.003" /><testcase classname="tests.skills.test_pr_github" name="test_show_merge_status_mapping[dirty-conflicting]" time="0.003" /><testcase classname="tests.skills.test_pr_github" name="test_show_merge_status_mapping[blocked-unknown]" time="0.003" /><testcase classname="tests.skills.test_pr_github" name="test_show_merge_status_mapping[behind-unknown]" time="0.003" /><testcase classname="tests.skills.test_pr_github" name="test_show_merge_status_mapping[unknown-unknown]" time="0.003" /><testcase classname="tests.skills.test_pr_github" name="test_show_merge_status_mapping[some_future_state-unknown]" time="0.003" /><testcase classname="tests.test_gh_client" name="test_get_composes_url_and_sets_bearer_header" time="0.001" /><testcase classname="tests.test_gh_client" name="test_post_sends_json_body" time="0.001" /><testcase classname="tests.test_gh_client" name="test_put_sends_json_body" time="0.001" /><testcase classname="tests.test_gh_client" name="test_patch_sends_json_body" time="0.001" /><testcase classname="tests.test_gh_client" name="test_delete_returns_none_on_204" time="0.001" /><testcase classname="tests.test_gh_client" name="test_200_with_empty_body_returns_none" time="0.001" /><testcase classname="tests.test_gh_client" name="test_non_2xx_raises_gh_error_with_status_and_body" time="0.001" /><testcase classname="tests.test_gh_client" name="test_rejects_empty_token" time="0.000" /><testcase classname="tests.test_gh_client" name="test_strips_trailing_slash_from_base_url" time="0.000" /><testcase classname="tests.test_gh_client" name="test_strips_whitespace_from_token_before_use" time="0.001" /><testcase classname="tests.test_gh_client" name="test_strips_whitespace_from_base_url_before_use" time="0.000" /><testcase classname="tests.test_gh_client" name="test_path_without_leading_slash_is_handled" time="0.001" /><testcase classname="tests.test_gh_client" name="test_extra_headers_are_forwarded" time="0.001" /><testcase classname="tests.test_prompt_smoke" name="test_prompt_smoke_feature_iteration" time="0.000"><skipped type="pytest.skip" message="prompt smoke is opt-in; set RALPH_PROMPT_SMOKE=1 to run (spawns claude -p as a subprocess)">C:\Users\gethi\source\ralph\tests\test_prompt_smoke.py:157: prompt smoke is opt-in; set RALPH_PROMPT_SMOKE=1 to run (spawns claude -p as a subprocess)</skipped></testcase><testcase classname="tests.test_prompt_smoke" name="test_prompt_smoke_respects_one_step_discipline" time="0.000"><skipped type="pytest.skip" message="prompt smoke is opt-in; set RALPH_PROMPT_SMOKE=1 to run (spawns claude -p as a subprocess)">C:\Users\gethi\source\ralph\tests\test_prompt_smoke.py:231: prompt smoke is opt-in; set RALPH_PROMPT_SMOKE=1 to run (spawns claude -p as a subprocess)</skipped></testcase><testcase classname="tests.test_prompt_structure" name="test_prompt_file_exists" time="0.000" /><testcase classname="tests.test_prompt_structure" name="test_prompt_size_bounds" time="0.000" /><testcase classname="tests.test_prompt_structure" name="test_prompt_contains_required_section[Who you are]" time="0.000" /><testcase classname="tests.test_prompt_structure" name="test_prompt_contains_required_section[What you read]" time="0.000" /><testcase classname="tests.test_prompt_structure" name="test_prompt_contains_required_section[How to work a feature PBI]" time="0.000" /><testcase classname="tests.test_prompt_structure" name="test_prompt_contains_required_section[How to work a bug PBI]" time="0.000" /><testcase classname="tests.test_prompt_structure" name="test_prompt_contains_required_section[How to work a PR-feedback PBI]" time="0.000" /><testcase classname="tests.test_prompt_structure" name="test_prompt_contains_required_section[When to write STUCK.md]" time="0.000" /><testcase classname="tests.test_prompt_structure" name="test_prompt_contains_required_section[How to ship a PR]" time="0.000" /><testcase classname="tests.test_prompt_structure" name="test_prompt_contains_required_section[Elevated-attention categories]" time="0.000" /><testcase classname="tests.test_prompt_structure" name="test_prompt_contains_required_section[Reviewer feedback \u2014 treat respectfully, challenge with reasoning]" time="0.000" /><testcase classname="tests.test_prompt_structure" name="test_prompt_contains_required_section[What you never do]" time="0.000" /><testcase classname="tests.test_prompt_structure" name="test_prompt_contains_required_phrase[.ralph/current/]" time="0.000" /><testcase classname="tests.test_prompt_structure" name="test_prompt_contains_required_phrase[PROMPT.md]" time="0.000" /><testcase classname="tests.test_prompt_structure" name="test_prompt_contains_required_phrase[HISTORY.md]" time="0.000" /><testcase classname="tests.test_prompt_structure" name="test_prompt_contains_required_phrase[PBI.md]" time="0.000" /><testcase classname="tests.test_prompt_structure" name="test_prompt_contains_required_phrase[PLAN.md]" time="0.000" /><testcase classname="tests.test_prompt_structure" name="test_prompt_contains_required_phrase[BUG.md]" time="0.000" /><testcase classname="tests.test_prompt_structure" name="test_prompt_contains_required_phrase[REPRODUCE.md]" time="0.000" /><testcase classname="tests.test_prompt_structure" name="test_prompt_contains_required_phrase[docs/INVESTIGATE.md]" time="0.000" /><testcase classname="tests.test_prompt_structure" name="test_prompt_contains_required_phrase[ORIGINAL.md]" time="0.000" /><testcase classname="tests.test_prompt_structure" name="test_prompt_contains_required_phrase[FEEDBACK.md]" time="0.000" /><testcase classname="tests.test_prompt_structure" name="test_prompt_contains_required_phrase[ado-pr]" time="0.000" /><testcase classname="tests.test_prompt_structure" name="test_prompt_contains_required_phrase[test deletion]" time="0.000" /><testcase classname="tests.test_prompt_structure" name="test_prompt_contains_required_phrase[scope creep]" time="0.000" /><testcase classname="tests.test_prompt_structure" name="test_prompt_contains_required_phrase[permission widening]" time="0.000" /><testcase classname="tests.test_prompt_structure" name="test_prompt_contains_required_phrase[large diff]" time="0.000" /><testcase classname="tests.test_prompt_structure" name="test_prompt_contains_required_phrase[respectfully]" time="0.000" /><testcase classname="tests.test_prompt_structure" name="test_prompt_contains_required_phrase[challenge]" time="0.001" /><testcase classname="tests.test_prompt_structure" name="test_prompt_has_no_placeholders" time="0.000" /><testcase classname="tests.test_setup_ralph_queue_github" name="test_happy_path_returns_zero_and_prints_json" time="0.003" /><testcase classname="tests.test_setup_ralph_queue_github" name="test_idempotent_when_branch_already_exists" time="0.002" /><testcase classname="tests.test_setup_ralph_queue_github" name="test_repo_not_found_exits_nonzero" time="0.001" /><testcase classname="tests.test_setup_ralph_queue_github" name="test_missing_gh_token_exits_nonzero" time="0.001" /><testcase classname="tests.test_setup_ralph_queue_github" name="test_missing_gh_owner_exits_nonzero" time="0.001" /><testcase classname="tests.test_setup_ralph_queue_github" name="test_dry_run_makes_no_mutations" time="0.002" /><testcase classname="tests.test_setup_ralph_queue_github" name="test_protection_payload_shape" time="0.003" /><testcase classname="tests.test_setup_ralph_queue_github" name="test_network_error_exits_nonzero" time="0.002" /><testcase classname="tests.test_setup_ralph_queue_github" name="test_concurrent_create_422_still_applies_protection" time="0.003" /><testcase classname="tests.test_workspace_samples" name="test_samples_dir_exists" time="0.000" /><testcase classname="tests.test_workspace_samples" name="test_investigate_template_present" time="0.001" /><testcase classname="tests.test_workspace_samples" name="test_required_sample_dirs_exist[feature-WI-1234]" time="0.000" /><testcase classname="tests.test_workspace_samples" name="test_required_sample_dirs_exist[bug-deploy-rosa-irsa-2026-05-23]" time="0.000" /><testcase classname="tests.test_workspace_samples" name="test_required_sample_dirs_exist[pr-feedback-WI-1234-r2]" time="0.000" /><testcase classname="tests.test_workspace_samples" name="test_sample_validates[feature-WI-1234]" time="0.001" /><testcase classname="tests.test_workspace_samples" name="test_sample_validates[bug-deploy-rosa-irsa-2026-05-23]" time="0.001" /><testcase classname="tests.test_workspace_samples" name="test_sample_validates[pr-feedback-WI-1234-r2]" time="0.001" /><testcase classname="tests.test_workspace_samples" name="test_attempts_boolean_true_rejected" time="0.005" /><testcase classname="tests.test_workspace_samples" name="test_attempts_boolean_false_rejected" time="0.004" /><testcase classname="tests.test_workspace_samples" name="test_attempts_negative_int_rejected" time="0.004" /><testcase classname="tests.test_workspace_samples" name="test_attempts_valid_int_accepted" time="0.005" /><testcase classname="tests.test_workspace_samples" name="test_null_required_field_treated_as_missing" time="0.018" /><testcase classname="tests.test_workspace_samples" name="test_split_frontmatter_ignores_indented_dashes" time="0.000" /><testcase classname="tests.test_workspace_samples" name="test_split_frontmatter_requires_exact_opening_fence" time="0.000" /><testcase classname="tests.test_workspace_samples" name="test_single_null_field_treated_as_missing" time="0.005" /></testsuite></testsuites>